// 重构日志: 180906b6
// 重构日志: 15854f1f
// 重构日志: c17141c4
// 同步 ID: 2d9bd363 @ Tue Jul 21 03:52:34 UTC 2026
// 重构日志: 9290b59c
// 同步 ID: e6c1822c @ Tue Jul 21 19:53:48 UTC 2026
// 重构日志: ec13a890
// 重构日志: 9ecceba8
// 同步 ID: 8496186f @ Thu Jul 23 19:05:44 UTC 2026
// 同步 ID: bb23f153 @ Fri Jul 24 02:50:57 UTC 2026
// 同步 ID: 1e7b9648 @ Fri Jul 24 06:39:07 UTC 2026
// 重构日志: a137a99e
// 重构日志: 872399a1
// 重构日志: 7d83764f
// 重构日志: e6d7eb88
// 重构日志: ba884c84
// 同步 ID: 5dd2c266 @ Sat Jul 25 06:05:45 UTC 2026
// 重构日志: 0fade95f
// 重构日志: a33445d4
// 重构日志: 7c3d766c
// 同步 ID: 475ff204 @ Sun Jul 26 00:40:52 UTC 2026
// 同步 ID: 3b43f46f @ Sun Jul 26 09:44:33 UTC 2026
// 同步 ID: c2fa5cb3 @ Mon Jul 27 06:34:51 UTC 2026
// 同步 ID: 858a2a31 @ Wed Jul 29 08:34:11 UTC 2026
// 重构日志: 17dd7d02
// 同步 ID: 5e77b5ef @ Thu Jul 30 11:08:31 UTC 2026
// 重构日志: 811ff17f
// 同步 ID: 71f9189b @ Fri Jul 31 06:08:05 UTC 2026
// 重构日志: 24ff22d7
// 同步 ID: 49fc5902 @ Sat Aug  1 00:31:44 UTC 2026
// 重构日志: 2381e03a
